// Jest Snapshot v1, https://goo.gl/fbAQLP

exports[`open requests up to maxConnections 1`] = `
{
  "batch": [
    {
      "error": undefined,
      "job": {
        "chatChannelId": "1",
        "key": "foo",
        "method": "POST",
        "params": {
          "id": 1,
        },
        "url": "v2/bot/message/push",
      },
      "result": {
        "body": {},
        "code": 200,
        "headers": {},
      },
      "success": true,
    },
    {
      "error": undefined,
      "job": {
        "chatChannelId": "1",
        "key": "foo",
        "method": "POST",
        "params": {
          "id": 2,
        },
        "url": "v2/bot/message/push",
      },
      "result": {
        "body": {},
        "code": 200,
        "headers": {},
      },
      "success": true,
    },
    {
      "error": undefined,
      "job": {
        "chatChannelId": "1",
        "key": "bar",
        "method": "POST",
        "params": {
          "id": 3,
        },
        "url": "v2/bot/message/push",
      },
      "result": {
        "body": {},
        "code": 200,
        "headers": {},
      },
      "success": true,
    },
    {
      "error": undefined,
      "job": {
        "chatChannelId": "1",
        "key": "bar",
        "method": "POST",
        "params": {
          "id": 4,
        },
        "url": "v2/bot/message/reply",
      },
      "result": {
        "body": {},
        "code": 200,
        "headers": {},
      },
      "success": true,
    },
    {
      "error": undefined,
      "job": {
        "chatChannelId": "2",
        "key": "baz",
        "method": "POST",
        "params": {
          "id": 5,
        },
        "url": "v2/bot/message/reply",
      },
      "result": {
        "body": {},
        "code": 200,
        "headers": {},
      },
      "success": true,
    },
    {
      "error": undefined,
      "job": {
        "chatChannelId": "2",
        "key": "baz",
        "method": "POST",
        "params": {
          "id": 6,
        },
        "url": "v2/bot/message/reply",
      },
      "result": {
        "body": {},
        "code": 200,
        "headers": {},
      },
      "success": true,
    },
    {
      "error": undefined,
      "job": {
        "chatChannelId": "1",
        "key": "foo",
        "method": "POST",
        "params": {
          "id": 7,
        },
        "url": "v2/bot/message/push",
      },
      "result": {
        "body": {},
        "code": 200,
        "headers": {},
      },
      "success": true,
    },
    {
      "error": undefined,
      "job": {
        "chatChannelId": "1",
        "key": "bar",
        "method": "POST",
        "params": {
          "id": 8,
        },
        "url": "v2/bot/message/push",
      },
      "result": {
        "body": {},
        "code": 200,
        "headers": {},
      },
      "success": true,
    },
    {
      "error": undefined,
      "job": {
        "chatChannelId": "2",
        "key": "baz",
        "method": "POST",
        "params": {
          "id": 9,
        },
        "url": "v2/bot/message/push",
      },
      "result": {
        "body": {},
        "code": 200,
        "headers": {},
      },
      "success": true,
    },
  ],
  "errors": null,
  "success": true,
}
`;

exports[`sequently excute jobs within an identical thread 1`] = `
{
  "batch": [
    {
      "error": undefined,
      "job": {
        "chatChannelId": "1",
        "key": "foo",
        "method": "POST",
        "params": {
          "id": 1,
        },
        "url": "v2/bot/message/push",
      },
      "result": {
        "body": {},
        "code": 200,
        "headers": {},
      },
      "success": true,
    },
    {
      "error": undefined,
      "job": {
        "chatChannelId": "1",
        "key": "foo",
        "method": "POST",
        "params": {
          "id": 2,
        },
        "url": "v2/bot/message/push",
      },
      "result": {
        "body": {},
        "code": 200,
        "headers": {},
      },
      "success": true,
    },
    {
      "error": undefined,
      "job": {
        "chatChannelId": "1",
        "key": "bar",
        "method": "POST",
        "params": {
          "id": 3,
        },
        "url": "v2/bot/message/push",
      },
      "result": {
        "body": {},
        "code": 200,
        "headers": {},
      },
      "success": true,
    },
    {
      "error": undefined,
      "job": {
        "chatChannelId": "1",
        "key": "bar",
        "method": "POST",
        "params": {
          "id": 4,
        },
        "url": "v2/bot/message/reply",
      },
      "result": {
        "body": {},
        "code": 200,
        "headers": {},
      },
      "success": true,
    },
    {
      "error": undefined,
      "job": {
        "chatChannelId": "2",
        "key": "baz",
        "method": "POST",
        "params": {
          "id": 5,
        },
        "url": "v2/bot/message/reply",
      },
      "result": {
        "body": {},
        "code": 200,
        "headers": {},
      },
      "success": true,
    },
    {
      "error": undefined,
      "job": {
        "chatChannelId": "2",
        "key": "baz",
        "method": "POST",
        "params": {
          "id": 6,
        },
        "url": "v2/bot/message/reply",
      },
      "result": {
        "body": {},
        "code": 200,
        "headers": {},
      },
      "success": true,
    },
    {
      "error": undefined,
      "job": {
        "chatChannelId": "1",
        "key": "foo",
        "method": "POST",
        "params": {
          "id": 7,
        },
        "url": "v2/bot/message/push",
      },
      "result": {
        "body": {},
        "code": 200,
        "headers": {},
      },
      "success": true,
    },
    {
      "error": undefined,
      "job": {
        "chatChannelId": "1",
        "key": "bar",
        "method": "POST",
        "params": {
          "id": 8,
        },
        "url": "v2/bot/message/push",
      },
      "result": {
        "body": {},
        "code": 200,
        "headers": {},
      },
      "success": true,
    },
    {
      "error": undefined,
      "job": {
        "chatChannelId": "2",
        "key": "baz",
        "method": "POST",
        "params": {
          "id": 9,
        },
        "url": "v2/bot/message/push",
      },
      "result": {
        "body": {},
        "code": 200,
        "headers": {},
      },
      "success": true,
    },
  ],
  "errors": null,
  "success": true,
}
`;
