// Jest Snapshot v1, https://goo.gl/fbAQLP

exports[`<p/> <p/> renders into individual text segment 1`] = `
Array [
  Object {
    "node": <p>
      foo
    </p>,
    "path": "$::0",
    "type": "text",
    "value": "foo",
  },
  Object {
    "node": "bar",
    "path": "$::1",
    "type": "text",
    "value": "bar",
  },
  Object {
    "node": <p>
      baz
    </p>,
    "path": "$::2",
    "type": "text",
    "value": "baz",
  },
]
`;

exports[`text components render nested elements 1`] = `
Array [
  Object {
    "node": <p>
      123
       
      <code>
        Hello, 
        <b>
          R2D2!
        </b>
      </code>
      <br />
      You know what?
      <br />
      <i>
        <u>
          I'm your
        </u>
         
        <s>
          FATHER
        </s>
         
        <code>
          creator
        </code>
        .
      </i>
      <br />
      <pre>
        May the force be with you!
      </pre>
       Bye!
    </p>,
    "path": "$",
    "type": "text",
    "value": "123 Hello, R2D2!
You know what?
I'm your FATHER creator.
May the force be with you! Bye!",
  },
]
`;

exports[`text components render shallow elements 1`] = `
Array [
  Array [
    Object {
      "node": <b>
        important
      </b>,
      "path": "$",
      "type": "text",
      "value": "important",
    },
  ],
  Array [
    Object {
      "node": <i>
        italic
      </i>,
      "path": "$",
      "type": "text",
      "value": "italic",
    },
  ],
  Array [
    Object {
      "node": <s>
        nooooo
      </s>,
      "path": "$",
      "type": "text",
      "value": "nooooo",
    },
  ],
  Array [
    Object {
      "node": <u>
        underlined
      </u>,
      "path": "$",
      "type": "text",
      "value": "underlined",
    },
  ],
  Array [
    Object {
      "node": <code>
        foo.bar()
      </code>,
      "path": "$",
      "type": "text",
      "value": "foo.bar()",
    },
  ],
  Array [
    Object {
      "node": <pre>
        foo.bar('hello world')
      </pre>,
      "path": "$",
      "type": "text",
      "value": "foo.bar('hello world')",
    },
  ],
  Array [
    Object {
      "node": <br />,
      "path": "$",
      "type": "text",
      "value": "
",
    },
  ],
]
`;
