// Jest Snapshot v1, https://goo.gl/fbAQLP

exports[`media Components match snapshot 1`] = `
Array [
  Object {
    "node": <Image
      reusable={true}
      url="http://this.is/a/picture"
    />,
    "path": "$::0",
    "type": "unit",
    "value": Object {
      "message": Object {
        "attachment": Object {
          "payload": Object {
            "attachment_id": undefined,
            "is_reusable": true,
            "url": "http://this.is/a/picture",
          },
          "type": "image",
        },
      },
      Symbol(attatchment_asset_tag.messenger.sociably): undefined,
      Symbol(attachment_data.messenger.sociably): undefined,
      Symbol(attachment_info.messenger.sociably): undefined,
    },
  },
  Object {
    "node": <Image
      attachmentId="_I_am_Image_"
    />,
    "path": "$::1",
    "type": "unit",
    "value": Object {
      "message": Object {
        "attachment": Object {
          "payload": Object {
            "attachment_id": "_I_am_Image_",
            "is_reusable": undefined,
            "url": undefined,
          },
          "type": "image",
        },
      },
      Symbol(attatchment_asset_tag.messenger.sociably): undefined,
      Symbol(attachment_data.messenger.sociably): undefined,
      Symbol(attachment_info.messenger.sociably): undefined,
    },
  },
  Object {
    "node": <Video
      reusable={true}
      url="http://this.is/a/video"
    />,
    "path": "$::2",
    "type": "unit",
    "value": Object {
      "message": Object {
        "attachment": Object {
          "payload": Object {
            "attachment_id": undefined,
            "is_reusable": true,
            "url": "http://this.is/a/video",
          },
          "type": "video",
        },
      },
      Symbol(attatchment_asset_tag.messenger.sociably): undefined,
      Symbol(attachment_data.messenger.sociably): undefined,
      Symbol(attachment_info.messenger.sociably): undefined,
    },
  },
  Object {
    "node": <Video
      attachmentId="_I_am_Video_"
    />,
    "path": "$::3",
    "type": "unit",
    "value": Object {
      "message": Object {
        "attachment": Object {
          "payload": Object {
            "attachment_id": "_I_am_Video_",
            "is_reusable": undefined,
            "url": undefined,
          },
          "type": "video",
        },
      },
      Symbol(attatchment_asset_tag.messenger.sociably): undefined,
      Symbol(attachment_data.messenger.sociably): undefined,
      Symbol(attachment_info.messenger.sociably): undefined,
    },
  },
  Object {
    "node": <Audio
      reusable={true}
      url="http://this.is/an/audio"
    />,
    "path": "$::4",
    "type": "unit",
    "value": Object {
      "message": Object {
        "attachment": Object {
          "payload": Object {
            "attachment_id": undefined,
            "is_reusable": true,
            "url": "http://this.is/an/audio",
          },
          "type": "audio",
        },
      },
      Symbol(attatchment_asset_tag.messenger.sociably): undefined,
      Symbol(attachment_data.messenger.sociably): undefined,
      Symbol(attachment_info.messenger.sociably): undefined,
    },
  },
  Object {
    "node": <Audio
      attachmentId="_I_am_Audio_"
    />,
    "path": "$::5",
    "type": "unit",
    "value": Object {
      "message": Object {
        "attachment": Object {
          "payload": Object {
            "attachment_id": "_I_am_Audio_",
            "is_reusable": undefined,
            "url": undefined,
          },
          "type": "audio",
        },
      },
      Symbol(attatchment_asset_tag.messenger.sociably): undefined,
      Symbol(attachment_data.messenger.sociably): undefined,
      Symbol(attachment_info.messenger.sociably): undefined,
    },
  },
  Object {
    "node": <File
      reusable={true}
      url="http://this.is/a/file"
    />,
    "path": "$::6",
    "type": "unit",
    "value": Object {
      "message": Object {
        "attachment": Object {
          "payload": Object {
            "attachment_id": undefined,
            "is_reusable": true,
            "url": "http://this.is/a/file",
          },
          "type": "file",
        },
      },
      Symbol(attatchment_asset_tag.messenger.sociably): undefined,
      Symbol(attachment_data.messenger.sociably): undefined,
      Symbol(attachment_info.messenger.sociably): undefined,
    },
  },
  Object {
    "node": <File
      attachmentId="_I_am_File_"
    />,
    "path": "$::7",
    "type": "unit",
    "value": Object {
      "message": Object {
        "attachment": Object {
          "payload": Object {
            "attachment_id": "_I_am_File_",
            "is_reusable": undefined,
            "url": undefined,
          },
          "type": "file",
        },
      },
      Symbol(attatchment_asset_tag.messenger.sociably): undefined,
      Symbol(attachment_data.messenger.sociably): undefined,
      Symbol(attachment_info.messenger.sociably): undefined,
    },
  },
]
`;
