// Jest Snapshot v1, https://goo.gl/fbAQLP

exports[`media Components match snapshot 1`] = `
Array [
  Object {
    "node": <Image
      reusable={true}
      url="http://this.is/a/picture"
    />,
    "path": "$::0",
    "type": "unit",
    "value": Object {
      "apiPath": "me/messages",
      "attachFile": undefined,
      "params": Object {
        "message": Object {
          "attachment": Object {
            "payload": Object {
              "attachment_id": undefined,
              "is_reusable": true,
              "url": "http://this.is/a/picture",
            },
            "type": "image",
          },
        },
      },
    },
  },
  Object {
    "node": <Image
      attachmentId="_I_am_Image_"
    />,
    "path": "$::1",
    "type": "unit",
    "value": Object {
      "apiPath": "me/messages",
      "attachFile": undefined,
      "params": Object {
        "message": Object {
          "attachment": Object {
            "payload": Object {
              "attachment_id": "_I_am_Image_",
              "is_reusable": undefined,
              "url": undefined,
            },
            "type": "image",
          },
        },
      },
    },
  },
  Object {
    "node": <Image
      fileData="_IMAGE_BINARY_DATA_"
    />,
    "path": "$::2",
    "type": "unit",
    "value": Object {
      "apiPath": "me/messages",
      "attachFile": Object {
        "assetTag": undefined,
        "data": "_IMAGE_BINARY_DATA_",
        "info": undefined,
      },
      "params": Object {
        "message": Object {
          "attachment": Object {
            "payload": Object {
              "attachment_id": undefined,
              "is_reusable": undefined,
              "url": undefined,
            },
            "type": "image",
          },
        },
      },
    },
  },
  Object {
    "node": <Video
      reusable={true}
      url="http://this.is/a/video"
    />,
    "path": "$::3",
    "type": "unit",
    "value": Object {
      "apiPath": "me/messages",
      "attachFile": undefined,
      "params": Object {
        "message": Object {
          "attachment": Object {
            "payload": Object {
              "attachment_id": undefined,
              "is_reusable": true,
              "url": "http://this.is/a/video",
            },
            "type": "video",
          },
        },
      },
    },
  },
  Object {
    "node": <Video
      attachmentId="_I_am_Video_"
    />,
    "path": "$::4",
    "type": "unit",
    "value": Object {
      "apiPath": "me/messages",
      "attachFile": undefined,
      "params": Object {
        "message": Object {
          "attachment": Object {
            "payload": Object {
              "attachment_id": "_I_am_Video_",
              "is_reusable": undefined,
              "url": undefined,
            },
            "type": "video",
          },
        },
      },
    },
  },
  Object {
    "node": <Video
      fileData="_VIDEO_BINARY_DATA_"
      fileInfo={
        Object {
          "filename": "foo.mp4",
        }
      }
    />,
    "path": "$::5",
    "type": "unit",
    "value": Object {
      "apiPath": "me/messages",
      "attachFile": Object {
        "assetTag": undefined,
        "data": "_VIDEO_BINARY_DATA_",
        "info": Object {
          "filename": "foo.mp4",
        },
      },
      "params": Object {
        "message": Object {
          "attachment": Object {
            "payload": Object {
              "attachment_id": undefined,
              "is_reusable": undefined,
              "url": undefined,
            },
            "type": "video",
          },
        },
      },
    },
  },
  Object {
    "node": <Audio
      reusable={true}
      url="http://this.is/an/audio"
    />,
    "path": "$::6",
    "type": "unit",
    "value": Object {
      "apiPath": "me/messages",
      "attachFile": undefined,
      "params": Object {
        "message": Object {
          "attachment": Object {
            "payload": Object {
              "attachment_id": undefined,
              "is_reusable": true,
              "url": "http://this.is/an/audio",
            },
            "type": "audio",
          },
        },
      },
    },
  },
  Object {
    "node": <Audio
      attachmentId="_I_am_Audio_"
    />,
    "path": "$::7",
    "type": "unit",
    "value": Object {
      "apiPath": "me/messages",
      "attachFile": undefined,
      "params": Object {
        "message": Object {
          "attachment": Object {
            "payload": Object {
              "attachment_id": "_I_am_Audio_",
              "is_reusable": undefined,
              "url": undefined,
            },
            "type": "audio",
          },
        },
      },
    },
  },
  Object {
    "node": <Audio
      assetTag="foo_audio"
      fileData="_AUDIO_BINARY_DATA_"
      reusable={true}
    />,
    "path": "$::8",
    "type": "unit",
    "value": Object {
      "apiPath": "me/messages",
      "attachFile": Object {
        "assetTag": "foo_audio",
        "data": "_AUDIO_BINARY_DATA_",
        "info": undefined,
      },
      "params": Object {
        "message": Object {
          "attachment": Object {
            "payload": Object {
              "attachment_id": undefined,
              "is_reusable": true,
              "url": undefined,
            },
            "type": "audio",
          },
        },
      },
    },
  },
  Object {
    "node": <File
      reusable={true}
      url="http://this.is/a/file"
    />,
    "path": "$::9",
    "type": "unit",
    "value": Object {
      "apiPath": "me/messages",
      "attachFile": undefined,
      "params": Object {
        "message": Object {
          "attachment": Object {
            "payload": Object {
              "attachment_id": undefined,
              "is_reusable": true,
              "url": "http://this.is/a/file",
            },
            "type": "file",
          },
        },
      },
    },
  },
  Object {
    "node": <File
      attachmentId="_I_am_File_"
    />,
    "path": "$::10",
    "type": "unit",
    "value": Object {
      "apiPath": "me/messages",
      "attachFile": undefined,
      "params": Object {
        "message": Object {
          "attachment": Object {
            "payload": Object {
              "attachment_id": "_I_am_File_",
              "is_reusable": undefined,
              "url": undefined,
            },
            "type": "file",
          },
        },
      },
    },
  },
  Object {
    "node": <File
      assetTag="foo_file"
      fileData="_FILE_BINARY_DATA_"
      fileInfo={
        Object {
          "filename": "foo.pdf",
        }
      }
      reusable={true}
    />,
    "path": "$::11",
    "type": "unit",
    "value": Object {
      "apiPath": "me/messages",
      "attachFile": Object {
        "assetTag": "foo_file",
        "data": "_FILE_BINARY_DATA_",
        "info": Object {
          "filename": "foo.pdf",
        },
      },
      "params": Object {
        "message": Object {
          "attachment": Object {
            "payload": Object {
              "attachment_id": undefined,
              "is_reusable": true,
              "url": undefined,
            },
            "type": "file",
          },
        },
      },
    },
  },
]
`;
