// Jest Snapshot v1, https://goo.gl/fbAQLP

exports[`<p/> renders into individual text segment 1`] = `
[
  {
    "node": <p>
      foo
    </p>,
    "path": "$::0",
    "type": "text",
    "value": "foo",
  },
  {
    "node": "bar",
    "path": "$::1",
    "type": "text",
    "value": "bar",
  },
  {
    "node": <p>
      baz
    </p>,
    "path": "$::2",
    "type": "text",
    "value": "baz",
  },
]
`;

exports[`media elements match snapshot 1`] = `
[
  {
    "node": <img
      src="http://avatar.my.bot"
    />,
    "path": "$::0",
    "type": "unit",
    "value": {
      "message": {
        "method": "sendPhoto",
        "parameters": {
          "photo": "http://avatar.my.bot",
        },
      },
    },
  },
  {
    "node": <video
      src="http://vid.my.bot"
    />,
    "path": "$::1",
    "type": "unit",
    "value": {
      "message": {
        "method": "sendVideo",
        "parameters": {
          "video": "http://vid.my.bot",
        },
      },
    },
  },
  {
    "node": <audio
      src="http://sound.my.bot"
    />,
    "path": "$::2",
    "type": "unit",
    "value": {
      "message": {
        "method": "sendAudio",
        "parameters": {
          "audio": "http://sound.my.bot",
        },
      },
    },
  },
  {
    "node": <file
      src="http://profile.my.bot"
    />,
    "path": "$::3",
    "type": "unit",
    "value": {
      "message": {
        "method": "sendDocument",
        "parameters": {
          "document": "http://profile.my.bot",
        },
      },
    },
  },
]
`;

exports[`render nested elements match snapshot 1`] = `
[
  {
    "node": <p>
      Mic test
       
      <code>
        Hello, 
        <b>
          Luke Skywalker!
        </b>
      </code>
      <br />
      You know what?
      <br />
      <i>
        <u>
          I'm your
        </u>
         
        <s>
          FATHER
        </s>
         
        <code>
          droid
        </code>
        .
      </i>
      <br />
      <br />
      <pre>
        May the force be with you!
      </pre>
       Test over
    </p>,
    "path": "$",
    "type": "text",
    "value": "Mic test <code>Hello, <b>Luke Skywalker!</b></code>
You know what?
<i><u>I'm your</u> <s>FATHER</s> <code>droid</code>.</i>

<pre>May the force be with you!</pre> Test over",
  },
]
`;

exports[`render shallow elements match snapshot 1`] = `
[
  [
    {
      "node": <p>
        abc
      </p>,
      "path": "$",
      "type": "text",
      "value": "abc",
    },
  ],
  [
    {
      "node": <b>
        important
      </b>,
      "path": "$",
      "type": "text",
      "value": "<b>important</b>",
    },
  ],
  [
    {
      "node": <i>
        italic
      </i>,
      "path": "$",
      "type": "text",
      "value": "<i>italic</i>",
    },
  ],
  [
    {
      "node": <s>
        nooooo
      </s>,
      "path": "$",
      "type": "text",
      "value": "<s>nooooo</s>",
    },
  ],
  [
    {
      "node": <u>
        underlined
      </u>,
      "path": "$",
      "type": "text",
      "value": "<u>underlined</u>",
    },
  ],
  [
    {
      "node": <code>
        foo.bar()
      </code>,
      "path": "$",
      "type": "text",
      "value": "<code>foo.bar()</code>",
    },
  ],
  [
    {
      "node": <pre>
        foo.bar('hello world')
      </pre>,
      "path": "$",
      "type": "text",
      "value": "<pre>foo.bar('hello world')</pre>",
    },
  ],
  [
    {
      "node": <br />,
      "path": "$",
      "type": "text",
      "value": "
",
    },
  ],
]
`;
